// Jest Snapshot v1, https://goo.gl/fbAQLP

exports[`it should render Button 1`] = `
<button
  className="btn btn-sm btn-undefined"
>
  Product Name
</button>
`;
