// Jest Snapshot v1, https://goo.gl/fbAQLP

exports[`Image Component snapshot testing renders correctly 1`] = `
<img
  alt="image name"
  src="https://www.telstra.com.au/content/dam/tcom/personal/mobile-phones/product-catalogue/iphone-x/iphone-x-silver-grid.png"
/>
`;
